---
title: CentOS Notes
abbrlink: '645e3264'
date: 2020-08-11 15:45:42
categories: [Software, CentOS]
tags:
- CentOS
---
* 網路介片卡
1. NAT
2. 「僅限主機」 介面卡

* 設定 sudo 權限
錯誤訊息: user is not in the sudoers file.
```
[user@localhost ~]# su root
[user@localhost ~]# vi /etc/sudoers
+ user ALL=(ALL:ALL) ALL
```
* 設定網路
錯誤訊息: cannot find a valid baseurl for repo: base/7/x86_64
  * 原始設定
```
[user@localhost ~]# ip addr
1: lo:  <LOOPBACK,UP,LOWER_UP> mtu 65536 qdisc noqueue state UNKNOWN group default qlen 1000
    link/loopback 00:00:00:00:00:00 brd 00:00:00:00:00:00
    inet 127.0.0.1/8 scope host lo
       valid_lft forever preferred_lft forever
    inet6 ::1/128 scope host
       valid_lft forever preferred_lft forever
2: enp0s3:  <BROADCAST,MULTICAST,UP,LOWER_UP> mtu 1500 qdisc pfifo_fast state UP group default qlen 1000
    link/ether 08:00:27:2b:73:d4 brd ff:ff:ff:ff:ff:ff
3: enp0s8:  <BROADCAST,MULTICAST,UP,LOWER_UP> mtu 1500 qdisc pfifo_fast state UP group default qlen 1000
    link/ether 08:00:27:c1:72:7d brd ff:ff:ff:ff:ff:ff
```
  * 修改 `ONBOOT=yes` 讓網卡在開機時生效
```
[user@localhost ~]# sudo vi /etc/sysconfig/network-scripts/ifcfg-enp0s3
[user@localhost ~]# sudo vi /etc/sysconfig/network-scripts/ifcfg-enp0s8
TYPE=Ethernet
PROXY_METHOD=none
BROWSER_ONLY=no
BOOTPROTO=dhcp
DEFROUTE=yes
IPV4_FAILURE_FATAL=no
IPV6INIT=yes
IPV6_AUTOCONF=yes
IPV6_DEFROUTE=yes
IPV6_FAILURE_FATAL=no
IPV6_ADDR_GEN_MODE=stable-privacy
NAME=enp0s3
UUID=baa08a94-1e59-4a41-aa4a-5ad463c51796
DEVICE=enp0s3
ONBOOT=no
```
  * 重啟網路
```
[user@localhost ~]# sudo service network restart
```

* 更新
sudo yum update

* 常用工具
sudo yum install openssh git net-tools

* 增加 root 磁區大小
1. 先增加 vdi 配置的 disk 大小
2. 重新設定 root 磁區
```
[root@centos ~]# fdisk /dev/sda
Welcome to fdisk (util-linux 2.23.2).

Changes will remain in memory only, until you decide to write them.
Be careful before using the write command.


Command (m for help): n
Partition type:
   p   primary (2 primary, 0 extended, 2 free)
   e   extended
Select (default p): p
Partition number (3,4, default 3): 3
First sector (209715200-629145599, default 209715200): 209715200
Last sector, +sectors or +size{K,M,G} (209715200-629145599, default 629145599): 629145599
Partition 3 of type Linux and of size 200 GiB is set

Command (m for help): w
The partition table has been altered!

Calling ioctl() to re-read partition table.

WARNING: Re-reading the partition table failed with error 16: Device or resource busy.
The kernel still uses the old table. The new table will be used at
the next reboot or after you run partprobe(8) or kpartx(8)
Syncing disks.

[root@centos ~]$ reboot
[root@centos ~]$ df -h
Filesystem               Size  Used Avail Use% Mounted on
devtmpfs                 5.4G     0  5.4G   0% /dev
tmpfs                    5.4G     0  5.4G   0% /dev/shm
tmpfs                    5.4G  8.6M  5.4G   1% /run
tmpfs                    5.4G     0  5.4G   0% /sys/fs/cgroup
/dev/mapper/centos-root   50G   32G   19G  64% /
/dev/sda1               1014M  220M  795M  22% /boot
/dev/mapper/centos-home   45G  7.2G   37G  17% /home
tmpfs                    1.1G     0  1.1G   0% /run/user/1000
[root@centos ~]$
[root@centos ~]# pvcreate /dev/sda3
  Physical volume "/dev/sda3" successfully created.
[root@centos ~]# vgextend centos /dev/sda3
  Volume group "centos" successfully extended
[root@centos ~]# lvextend /dev/mapper/centos-root /dev/sda3
  Size of logical volume centos/root changed from 50.00 GiB (12800 extents) to <250.00 GiB (63999 extents).
  Logical volume centos/root successfully resized.
[root@centos ~]# xfs_growfs /dev/mapper/centos-root
meta-data=/dev/mapper/centos-root isize=512    agcount=4, agsize=3276800 blks
         =                       sectsz=512   attr=2, projid32bit=1
         =                       crc=1        finobt=0 spinodes=0
data     =                       bsize=4096   blocks=13107200, imaxpct=25
         =                       sunit=0      swidth=0 blks
naming   =version 2              bsize=4096   ascii-ci=0 ftype=1
log      =internal               bsize=4096   blocks=6400, version=2
         =                       sectsz=512   sunit=0 blks, lazy-count=1
realtime =none                   extsz=4096   blocks=0, rtextents=0
data blocks changed from 13107200 to 65534976
[root@centos ~]$
[root@centos ~]$ df -h
Filesystem               Size  Used Avail Use% Mounted on
devtmpfs                 5.4G     0  5.4G   0% /dev
tmpfs                    5.4G     0  5.4G   0% /dev/shm
tmpfs                    5.4G   13M  5.4G   1% /run
tmpfs                    5.4G     0  5.4G   0% /sys/fs/cgroup
/dev/mapper/centos-root  250G   33G  218G  13% /
/dev/sda1               1014M  220M  795M  22% /boot
/dev/mapper/centos-home   45G  7.2G   37G  17% /home
tmpfs                    1.1G     0  1.1G   0% /run/user/1000
```
* Trouble shooting
在輸入指令時，系統有時會提示：
You have new mail in /var/spool/mail/root
這是因為在 cron 中執行的腳本有輸出導致的，cron 會把輸出內容發郵件給目前用戶
```
*/2 * * * * /etc/test.sh >/dev/null 2>&1
```